// Vitest Snapshot v1, https://vitest.dev/guide/snapshot.html

exports[`UserMessage > should render without crashing 1`] = `
<div>
  <div
    class="self-end px-4 py-2 rounded-md dark:bg-white/5"
  >
    <p>
      message
    </p>
  </div>
</div>
`;
