// Vitest Snapshot v1, https://vitest.dev/guide/snapshot.html

exports[`SectionListComponent > should render without crashing 1`] = `
<div>
  <div
    class="divide-y divide-grayScheme-200 dark:divide-grayScheme-50/10"
  >
    children
  </div>
</div>
`;
