// Vitest Snapshot v1, https://vitest.dev/guide/snapshot.html

exports[`SectionContainer > should render without crashing 1`] = `
<div>
  <div
    class="grid max-w-7xl grid-cols-1 gap-x-8 gap-y-10 px-4 py-16 sm:px-6 md:grid-cols-3 lg:px-8"
  >
    children
  </div>
</div>
`;
