// Vitest Snapshot v1, https://vitest.dev/guide/snapshot.html

exports[`PageTitle > should render without crashing 1`] = `
<div>
  <h1
    class="font-semibold text-grayScheme-900 dark:text-grayScheme-200 text-base leading-7"
  >
    page title
  </h1>
</div>
`;
